Analysis & Synthesis report for cross_bar
Thu Mar 17 20:56:23 2022
Quartus Prime Version 18.1.0 Build 625 09/12/2018 SJ Standard Edition


---------------------
; Table of Contents ;
---------------------
  1. Legal Notice
  2. Analysis & Synthesis Summary
  3. Analysis & Synthesis Settings
  4. Parallel Compilation
  5. Analysis & Synthesis Source Files Read
  6. Analysis & Synthesis Resource Usage Summary
  7. Analysis & Synthesis Resource Utilization by Entity
  8. State Machine - |top_cross_bar|cross_bar:cross_bar_inst|state
  9. Registers Removed During Synthesis
 10. General Register Statistics
 11. Multiplexer Restructuring Statistics (Restructuring Performed)
 12. Parameter Settings for User Entity Instance: Top-level Entity: |top_cross_bar
 13. Parameter Settings for User Entity Instance: cross_bar:cross_bar_inst
 14. Parameter Settings for User Entity Instance: slave:slave_0
 15. Parameter Settings for User Entity Instance: slave:slave_1
 16. Parameter Settings for User Entity Instance: slave:slave_2
 17. Parameter Settings for User Entity Instance: slave:slave_3
 18. Post-Synthesis Netlist Statistics for Top Partition
 19. Elapsed Time Per Partition
 20. Analysis & Synthesis Messages



----------------
; Legal Notice ;
----------------
Copyright (C) 2018  Intel Corporation. All rights reserved.
Your use of Intel Corporation's design tools, logic functions 
and other software and tools, and its AMPP partner logic 
functions, and any output files from any of the foregoing 
(including device programming or simulation files), and any 
associated documentation or information are expressly subject 
to the terms and conditions of the Intel Program License 
Subscription Agreement, the Intel Quartus Prime License Agreement,
the Intel FPGA IP License Agreement, or other applicable license
agreement, including, without limitation, that your use is for
the sole purpose of programming logic devices manufactured by
Intel and sold by Intel or its authorized distributors.  Please
refer to the applicable agreement for further details.



+--------------------------------------------------------------------------------------+
; Analysis & Synthesis Summary                                                         ;
+------------------------------------+-------------------------------------------------+
; Analysis & Synthesis Status        ; Successful - Thu Mar 17 20:56:23 2022           ;
; Quartus Prime Version              ; 18.1.0 Build 625 09/12/2018 SJ Standard Edition ;
; Revision Name                      ; cross_bar                                       ;
; Top-level Entity Name              ; top_cross_bar                                   ;
; Family                             ; Cyclone IV E                                    ;
; Total logic elements               ; 937                                             ;
;     Total combinational functions  ; 709                                             ;
;     Dedicated logic registers      ; 528                                             ;
; Total registers                    ; 528                                             ;
; Total pins                         ; 402                                             ;
; Total virtual pins                 ; 0                                               ;
; Total memory bits                  ; 0                                               ;
; Embedded Multiplier 9-bit elements ; 0                                               ;
; Total PLLs                         ; 0                                               ;
+------------------------------------+-------------------------------------------------+


+------------------------------------------------------------------------------------------------------------+
; Analysis & Synthesis Settings                                                                              ;
+------------------------------------------------------------------+--------------------+--------------------+
; Option                                                           ; Setting            ; Default Value      ;
+------------------------------------------------------------------+--------------------+--------------------+
; Top-level entity name                                            ; top_cross_bar      ; cross_bar          ;
; Family name                                                      ; Cyclone IV E       ; Cyclone V          ;
; Maximum processors allowed for parallel compilation              ; 2                  ;                    ;
; Use smart compilation                                            ; Off                ; Off                ;
; Enable parallel Assembler and Timing Analyzer during compilation ; On                 ; On                 ;
; Enable compact report table                                      ; Off                ; Off                ;
; Restructure Multiplexers                                         ; Auto               ; Auto               ;
; Create Debugging Nodes for IP Cores                              ; Off                ; Off                ;
; Preserve fewer node names                                        ; On                 ; On                 ;
; Intel FPGA IP Evaluation Mode                                    ; Enable             ; Enable             ;
; Verilog Version                                                  ; Verilog_2001       ; Verilog_2001       ;
; VHDL Version                                                     ; VHDL_1993          ; VHDL_1993          ;
; State Machine Processing                                         ; Auto               ; Auto               ;
; Safe State Machine                                               ; Off                ; Off                ;
; Extract Verilog State Machines                                   ; On                 ; On                 ;
; Extract VHDL State Machines                                      ; On                 ; On                 ;
; Ignore Verilog initial constructs                                ; Off                ; Off                ;
; Iteration limit for constant Verilog loops                       ; 5000               ; 5000               ;
; Iteration limit for non-constant Verilog loops                   ; 250                ; 250                ;
; Add Pass-Through Logic to Inferred RAMs                          ; On                 ; On                 ;
; Infer RAMs from Raw Logic                                        ; On                 ; On                 ;
; Parallel Synthesis                                               ; On                 ; On                 ;
; DSP Block Balancing                                              ; Auto               ; Auto               ;
; NOT Gate Push-Back                                               ; On                 ; On                 ;
; Power-Up Don't Care                                              ; On                 ; On                 ;
; Remove Redundant Logic Cells                                     ; Off                ; Off                ;
; Remove Duplicate Registers                                       ; On                 ; On                 ;
; Ignore CARRY Buffers                                             ; Off                ; Off                ;
; Ignore CASCADE Buffers                                           ; Off                ; Off                ;
; Ignore GLOBAL Buffers                                            ; Off                ; Off                ;
; Ignore ROW GLOBAL Buffers                                        ; Off                ; Off                ;
; Ignore LCELL Buffers                                             ; Off                ; Off                ;
; Ignore SOFT Buffers                                              ; On                 ; On                 ;
; Limit AHDL Integers to 32 Bits                                   ; Off                ; Off                ;
; Optimization Technique                                           ; Balanced           ; Balanced           ;
; Carry Chain Length                                               ; 70                 ; 70                 ;
; Auto Carry Chains                                                ; On                 ; On                 ;
; Auto Open-Drain Pins                                             ; On                 ; On                 ;
; Perform WYSIWYG Primitive Resynthesis                            ; Off                ; Off                ;
; Auto ROM Replacement                                             ; On                 ; On                 ;
; Auto RAM Replacement                                             ; On                 ; On                 ;
; Auto DSP Block Replacement                                       ; On                 ; On                 ;
; Auto Shift Register Replacement                                  ; Auto               ; Auto               ;
; Allow Shift Register Merging across Hierarchies                  ; Auto               ; Auto               ;
; Auto Clock Enable Replacement                                    ; On                 ; On                 ;
; Strict RAM Replacement                                           ; Off                ; Off                ;
; Allow Synchronous Control Signals                                ; On                 ; On                 ;
; Force Use of Synchronous Clear Signals                           ; Off                ; Off                ;
; Auto RAM Block Balancing                                         ; On                 ; On                 ;
; Auto RAM to Logic Cell Conversion                                ; Off                ; Off                ;
; Auto Resource Sharing                                            ; Off                ; Off                ;
; Allow Any RAM Size For Recognition                               ; Off                ; Off                ;
; Allow Any ROM Size For Recognition                               ; Off                ; Off                ;
; Allow Any Shift Register Size For Recognition                    ; Off                ; Off                ;
; Use LogicLock Constraints during Resource Balancing              ; On                 ; On                 ;
; Ignore translate_off and synthesis_off directives                ; Off                ; Off                ;
; Timing-Driven Synthesis                                          ; On                 ; On                 ;
; Report Parameter Settings                                        ; On                 ; On                 ;
; Report Source Assignments                                        ; On                 ; On                 ;
; Report Connectivity Checks                                       ; On                 ; On                 ;
; Ignore Maximum Fan-Out Assignments                               ; Off                ; Off                ;
; Synchronization Register Chain Length                            ; 2                  ; 2                  ;
; Power Optimization During Synthesis                              ; Normal compilation ; Normal compilation ;
; HDL message level                                                ; Level2             ; Level2             ;
; Suppress Register Optimization Related Messages                  ; Off                ; Off                ;
; Number of Removed Registers Reported in Synthesis Report         ; 5000               ; 5000               ;
; Number of Swept Nodes Reported in Synthesis Report               ; 5000               ; 5000               ;
; Number of Inverted Registers Reported in Synthesis Report        ; 100                ; 100                ;
; Clock MUX Protection                                             ; On                 ; On                 ;
; Auto Gated Clock Conversion                                      ; Off                ; Off                ;
; Block Design Naming                                              ; Auto               ; Auto               ;
; SDC constraint protection                                        ; Off                ; Off                ;
; Synthesis Effort                                                 ; Auto               ; Auto               ;
; Shift Register Replacement - Allow Asynchronous Clear Signal     ; On                 ; On                 ;
; Pre-Mapping Resynthesis Optimization                             ; Off                ; Off                ;
; Analysis & Synthesis Message Level                               ; Medium             ; Medium             ;
; Disable Register Merging Across Hierarchies                      ; Auto               ; Auto               ;
; Resource Aware Inference For Block RAM                           ; On                 ; On                 ;
+------------------------------------------------------------------+--------------------+--------------------+


+------------------------------------------+
; Parallel Compilation                     ;
+----------------------------+-------------+
; Processors                 ; Number      ;
+----------------------------+-------------+
; Number detected on machine ; 8           ;
; Maximum allowed            ; 2           ;
;                            ;             ;
; Average used               ; 1.00        ;
; Maximum used               ; 2           ;
;                            ;             ;
; Usage by Processor         ; % Time Used ;
;     Processor 1            ; 100.0%      ;
;     Processor 2            ;   0.0%      ;
+----------------------------+-------------+


+------------------------------------------------------------------------------------------------------------------------------------------------+
; Analysis & Synthesis Source Files Read                                                                                                         ;
+----------------------------------+-----------------+------------------------------+--------------------------------------------------+---------+
; File Name with User-Entered Path ; Used in Netlist ; File Type                    ; File Name with Absolute Path                     ; Library ;
+----------------------------------+-----------------+------------------------------+--------------------------------------------------+---------+
; rtl/top_cross_bar.sv             ; yes             ; User SystemVerilog HDL File  ; D:/Work/Syntacore/cross_bar/rtl/top_cross_bar.sv ;         ;
; rtl/slave.sv                     ; yes             ; User SystemVerilog HDL File  ; D:/Work/Syntacore/cross_bar/rtl/slave.sv         ;         ;
; rtl/cross_bar.sv                 ; yes             ; User SystemVerilog HDL File  ; D:/Work/Syntacore/cross_bar/rtl/cross_bar.sv     ;         ;
+----------------------------------+-----------------+------------------------------+--------------------------------------------------+---------+


+-----------------------------------------------------------+
; Analysis & Synthesis Resource Usage Summary               ;
+---------------------------------------------+-------------+
; Resource                                    ; Usage       ;
+---------------------------------------------+-------------+
; Estimated Total logic elements              ; 937         ;
;                                             ;             ;
; Total combinational functions               ; 709         ;
; Logic element usage by number of LUT inputs ;             ;
;     -- 4 input functions                    ; 523         ;
;     -- 3 input functions                    ; 39          ;
;     -- <=2 input functions                  ; 147         ;
;                                             ;             ;
; Logic elements by mode                      ;             ;
;     -- normal mode                          ; 709         ;
;     -- arithmetic mode                      ; 0           ;
;                                             ;             ;
; Total registers                             ; 528         ;
;     -- Dedicated logic registers            ; 528         ;
;     -- I/O registers                        ; 0           ;
;                                             ;             ;
; I/O pins                                    ; 402         ;
;                                             ;             ;
; Embedded Multiplier 9-bit elements          ; 0           ;
;                                             ;             ;
; Maximum fan-out node                        ; clk_i~input ;
; Maximum fan-out                             ; 528         ;
; Total fan-out                               ; 5004        ;
; Average fan-out                             ; 2.45        ;
+---------------------------------------------+-------------+


+-----------------------------------------------------------------------------------------------------------------------------------------------------------------------------------------------------------------------------------+
; Analysis & Synthesis Resource Utilization by Entity                                                                                                                                                                               ;
+-------------------------------+---------------------+---------------------------+-------------+--------------+---------+-----------+------+--------------+-----------------------------------------+---------------+--------------+
; Compilation Hierarchy Node    ; Combinational ALUTs ; Dedicated Logic Registers ; Memory Bits ; DSP Elements ; DSP 9x9 ; DSP 18x18 ; Pins ; Virtual Pins ; Full Hierarchy Name                     ; Entity Name   ; Library Name ;
+-------------------------------+---------------------+---------------------------+-------------+--------------+---------+-----------+------+--------------+-----------------------------------------+---------------+--------------+
; |top_cross_bar                ; 709 (0)             ; 528 (0)                   ; 0           ; 0            ; 0       ; 0         ; 402  ; 0            ; |top_cross_bar                          ; top_cross_bar ; work         ;
;    |cross_bar:cross_bar_inst| ; 573 (573)           ; 264 (264)                 ; 0           ; 0            ; 0       ; 0         ; 0    ; 0            ; |top_cross_bar|cross_bar:cross_bar_inst ; cross_bar     ; work         ;
;    |slave:slave_0|            ; 34 (34)             ; 66 (66)                   ; 0           ; 0            ; 0       ; 0         ; 0    ; 0            ; |top_cross_bar|slave:slave_0            ; slave         ; work         ;
;    |slave:slave_1|            ; 34 (34)             ; 66 (66)                   ; 0           ; 0            ; 0       ; 0         ; 0    ; 0            ; |top_cross_bar|slave:slave_1            ; slave         ; work         ;
;    |slave:slave_2|            ; 34 (34)             ; 66 (66)                   ; 0           ; 0            ; 0       ; 0         ; 0    ; 0            ; |top_cross_bar|slave:slave_2            ; slave         ; work         ;
;    |slave:slave_3|            ; 34 (34)             ; 66 (66)                   ; 0           ; 0            ; 0       ; 0         ; 0    ; 0            ; |top_cross_bar|slave:slave_3            ; slave         ; work         ;
+-------------------------------+---------------------+---------------------------+-------------+--------------+---------+-----------+------+--------------+-----------------------------------------+---------------+--------------+
Note: For table entries with two numbers listed, the numbers in parentheses indicate the number of resources of the given type used by the specific entity alone. The numbers listed outside of parentheses indicate the total resources of the given type used by the specific entity and all of its sub-entities in the hierarchy.


Encoding Type:  One-Hot
+-----------------------------------------------------------------------------------------------------------------+
; State Machine - |top_cross_bar|cross_bar:cross_bar_inst|state                                                   ;
+--------------------+-----------------+-----------------+-----------------+--------------------+-----------------+
; Name               ; state.REQUEST_2 ; state.REQUEST_1 ; state.REQUEST_0 ; state.WAIT_REQUEST ; state.REQUEST_3 ;
+--------------------+-----------------+-----------------+-----------------+--------------------+-----------------+
; state.WAIT_REQUEST ; 0               ; 0               ; 0               ; 0                  ; 0               ;
; state.REQUEST_0    ; 0               ; 0               ; 1               ; 1                  ; 0               ;
; state.REQUEST_1    ; 0               ; 1               ; 0               ; 1                  ; 0               ;
; state.REQUEST_2    ; 1               ; 0               ; 0               ; 1                  ; 0               ;
; state.REQUEST_3    ; 0               ; 0               ; 0               ; 1                  ; 1               ;
+--------------------+-----------------+-----------------+-----------------+--------------------+-----------------+


+------------------------------------------------------------+
; Registers Removed During Synthesis                         ;
+---------------------------------------+--------------------+
; Register name                         ; Reason for Removal ;
+---------------------------------------+--------------------+
; cross_bar:cross_bar_inst|state~9      ; Lost fanout        ;
; cross_bar:cross_bar_inst|state~10     ; Lost fanout        ;
; Total Number of Removed Registers = 2 ;                    ;
+---------------------------------------+--------------------+


+------------------------------------------------------+
; General Register Statistics                          ;
+----------------------------------------------+-------+
; Statistic                                    ; Value ;
+----------------------------------------------+-------+
; Total registers                              ; 528   ;
; Number of registers using Synchronous Clear  ; 0     ;
; Number of registers using Synchronous Load   ; 0     ;
; Number of registers using Asynchronous Clear ; 524   ;
; Number of registers using Asynchronous Load  ; 0     ;
; Number of registers using Clock Enable       ; 387   ;
; Number of registers using Preset             ; 0     ;
+----------------------------------------------+-------+


+------------------------------------------------------------------------------------------------------------------------------------------------------------------------+
; Multiplexer Restructuring Statistics (Restructuring Performed)                                                                                                         ;
+--------------------+-----------+---------------+----------------------+------------------------+------------+----------------------------------------------------------+
; Multiplexer Inputs ; Bus Width ; Baseline Area ; Area if Restructured ; Saving if Restructured ; Registered ; Example Multiplexer Output                               ;
+--------------------+-----------+---------------+----------------------+------------------------+------------+----------------------------------------------------------+
; 4:1                ; 32 bits   ; 64 LEs        ; 64 LEs               ; 0 LEs                  ; Yes        ; |top_cross_bar|cross_bar:cross_bar_inst|rdata_mem[0][18] ;
; 4:1                ; 32 bits   ; 64 LEs        ; 64 LEs               ; 0 LEs                  ; Yes        ; |top_cross_bar|cross_bar:cross_bar_inst|rdata_mem[1][5]  ;
; 4:1                ; 32 bits   ; 64 LEs        ; 64 LEs               ; 0 LEs                  ; Yes        ; |top_cross_bar|cross_bar:cross_bar_inst|rdata_mem[2][6]  ;
; 4:1                ; 32 bits   ; 64 LEs        ; 64 LEs               ; 0 LEs                  ; Yes        ; |top_cross_bar|cross_bar:cross_bar_inst|rdata_mem[3][14] ;
; 11:1               ; 3 bits    ; 21 LEs        ; 3 LEs                ; 18 LEs                 ; Yes        ; |top_cross_bar|cross_bar:cross_bar_inst|state_cnt[2]     ;
; 4:1                ; 36 bits   ; 72 LEs        ; 72 LEs               ; 0 LEs                  ; No         ; |top_cross_bar|cross_bar:cross_bar_inst|host_word_o      ;
; 9:1                ; 2 bits    ; 12 LEs        ; 8 LEs                ; 4 LEs                  ; No         ; |top_cross_bar|cross_bar:cross_bar_inst|Selector12       ;
; 9:1                ; 2 bits    ; 12 LEs        ; 8 LEs                ; 4 LEs                  ; No         ; |top_cross_bar|cross_bar:cross_bar_inst|Selector13       ;
; 9:1                ; 2 bits    ; 12 LEs        ; 8 LEs                ; 4 LEs                  ; No         ; |top_cross_bar|cross_bar:cross_bar_inst|Selector10       ;
; 9:1                ; 2 bits    ; 12 LEs        ; 8 LEs                ; 4 LEs                  ; No         ; |top_cross_bar|cross_bar:cross_bar_inst|Selector15       ;
+--------------------+-----------+---------------+----------------------+------------------------+------------+----------------------------------------------------------+


+-------------------------------------------------------------------------------+
; Parameter Settings for User Entity Instance: Top-level Entity: |top_cross_bar ;
+----------------+-------+------------------------------------------------------+
; Parameter Name ; Value ; Type                                                 ;
+----------------+-------+------------------------------------------------------+
; DW             ; 32    ; Signed Integer                                       ;
; AW             ; 32    ; Signed Integer                                       ;
; REGS_NUM       ; 4     ; Signed Integer                                       ;
+----------------+-------+------------------------------------------------------+
Note: In order to hide this table in the UI and the text report file, please set the "Show Parameter Settings in Synthesis Report" option in "Analysis and Synthesis Settings -> More Settings" to "Off".


+-----------------------------------------------------------------------+
; Parameter Settings for User Entity Instance: cross_bar:cross_bar_inst ;
+----------------+-------+----------------------------------------------+
; Parameter Name ; Value ; Type                                         ;
+----------------+-------+----------------------------------------------+
; DW             ; 32    ; Signed Integer                               ;
; AW             ; 32    ; Signed Integer                               ;
; REGS_NUM       ; 4     ; Signed Integer                               ;
+----------------+-------+----------------------------------------------+
Note: In order to hide this table in the UI and the text report file, please set the "Show Parameter Settings in Synthesis Report" option in "Analysis and Synthesis Settings -> More Settings" to "Off".


+------------------------------------------------------------+
; Parameter Settings for User Entity Instance: slave:slave_0 ;
+----------------+-------+-----------------------------------+
; Parameter Name ; Value ; Type                              ;
+----------------+-------+-----------------------------------+
; DW             ; 32    ; Signed Integer                    ;
; AW             ; 32    ; Signed Integer                    ;
+----------------+-------+-----------------------------------+
Note: In order to hide this table in the UI and the text report file, please set the "Show Parameter Settings in Synthesis Report" option in "Analysis and Synthesis Settings -> More Settings" to "Off".


+------------------------------------------------------------+
; Parameter Settings for User Entity Instance: slave:slave_1 ;
+----------------+-------+-----------------------------------+
; Parameter Name ; Value ; Type                              ;
+----------------+-------+-----------------------------------+
; DW             ; 32    ; Signed Integer                    ;
; AW             ; 32    ; Signed Integer                    ;
+----------------+-------+-----------------------------------+
Note: In order to hide this table in the UI and the text report file, please set the "Show Parameter Settings in Synthesis Report" option in "Analysis and Synthesis Settings -> More Settings" to "Off".


+------------------------------------------------------------+
; Parameter Settings for User Entity Instance: slave:slave_2 ;
+----------------+-------+-----------------------------------+
; Parameter Name ; Value ; Type                              ;
+----------------+-------+-----------------------------------+
; DW             ; 32    ; Signed Integer                    ;
; AW             ; 32    ; Signed Integer                    ;
+----------------+-------+-----------------------------------+
Note: In order to hide this table in the UI and the text report file, please set the "Show Parameter Settings in Synthesis Report" option in "Analysis and Synthesis Settings -> More Settings" to "Off".


+------------------------------------------------------------+
; Parameter Settings for User Entity Instance: slave:slave_3 ;
+----------------+-------+-----------------------------------+
; Parameter Name ; Value ; Type                              ;
+----------------+-------+-----------------------------------+
; DW             ; 32    ; Signed Integer                    ;
; AW             ; 32    ; Signed Integer                    ;
+----------------+-------+-----------------------------------+
Note: In order to hide this table in the UI and the text report file, please set the "Show Parameter Settings in Synthesis Report" option in "Analysis and Synthesis Settings -> More Settings" to "Off".


+-----------------------------------------------------+
; Post-Synthesis Netlist Statistics for Top Partition ;
+-----------------------+-----------------------------+
; Type                  ; Count                       ;
+-----------------------+-----------------------------+
; boundary_port         ; 402                         ;
; cycloneiii_ff         ; 528                         ;
;     CLR               ; 137                         ;
;     ENA CLR           ; 387                         ;
;     plain             ; 4                           ;
; cycloneiii_lcell_comb ; 709                         ;
;     normal            ; 709                         ;
;         2 data inputs ; 147                         ;
;         3 data inputs ; 39                          ;
;         4 data inputs ; 523                         ;
;                       ;                             ;
; Max LUT depth         ; 5.00                        ;
; Average LUT depth     ; 1.94                        ;
+-----------------------+-----------------------------+


+-------------------------------+
; Elapsed Time Per Partition    ;
+----------------+--------------+
; Partition Name ; Elapsed Time ;
+----------------+--------------+
; Top            ; 00:00:01     ;
+----------------+--------------+


+-------------------------------+
; Analysis & Synthesis Messages ;
+-------------------------------+
Info: *******************************************************************
Info: Running Quartus Prime Analysis & Synthesis
    Info: Version 18.1.0 Build 625 09/12/2018 SJ Standard Edition
    Info: Processing started: Thu Mar 17 20:56:13 2022
Info: Command: quartus_map --read_settings_files=on --write_settings_files=off cross_bar -c cross_bar
Info (20032): Parallel compilation is enabled and will use up to 2 processors
Info (12021): Found 1 design units, including 1 entities, in source file rtl/top_cross_bar.sv
    Info (12023): Found entity 1: top_cross_bar File: D:/Work/Syntacore/cross_bar/rtl/top_cross_bar.sv Line: 1
Info (12021): Found 1 design units, including 1 entities, in source file rtl/slave.sv
    Info (12023): Found entity 1: slave File: D:/Work/Syntacore/cross_bar/rtl/slave.sv Line: 1
Info (12021): Found 1 design units, including 1 entities, in source file rtl/cross_bar.sv
    Info (12023): Found entity 1: cross_bar File: D:/Work/Syntacore/cross_bar/rtl/cross_bar.sv Line: 1
Info (12127): Elaborating entity "top_cross_bar" for the top level hierarchy
Info (12128): Elaborating entity "cross_bar" for hierarchy "cross_bar:cross_bar_inst" File: D:/Work/Syntacore/cross_bar/rtl/top_cross_bar.sv Line: 49
Info (12128): Elaborating entity "slave" for hierarchy "slave:slave_0" File: D:/Work/Syntacore/cross_bar/rtl/top_cross_bar.sv Line: 62
Info (286030): Timing-Driven Synthesis is running
Info (17049): 2 registers lost all their fanouts during netlist optimizations.
Info (16010): Generating hard_block partition "hard_block:auto_generated_inst"
    Info (16011): Adding 0 node(s), including 0 DDIO, 0 PLL, 0 transceiver and 0 LCELL
Warning (21074): Design contains 120 input pin(s) that do not drive logic
    Warning (15610): No output dependent on input pin "addr_i[0][0]" File: D:/Work/Syntacore/cross_bar/rtl/top_cross_bar.sv Line: 11
    Warning (15610): No output dependent on input pin "addr_i[0][1]" File: D:/Work/Syntacore/cross_bar/rtl/top_cross_bar.sv Line: 11
    Warning (15610): No output dependent on input pin "addr_i[0][2]" File: D:/Work/Syntacore/cross_bar/rtl/top_cross_bar.sv Line: 11
    Warning (15610): No output dependent on input pin "addr_i[0][3]" File: D:/Work/Syntacore/cross_bar/rtl/top_cross_bar.sv Line: 11
    Warning (15610): No output dependent on input pin "addr_i[0][4]" File: D:/Work/Syntacore/cross_bar/rtl/top_cross_bar.sv Line: 11
    Warning (15610): No output dependent on input pin "addr_i[0][5]" File: D:/Work/Syntacore/cross_bar/rtl/top_cross_bar.sv Line: 11
    Warning (15610): No output dependent on input pin "addr_i[0][6]" File: D:/Work/Syntacore/cross_bar/rtl/top_cross_bar.sv Line: 11
    Warning (15610): No output dependent on input pin "addr_i[0][7]" File: D:/Work/Syntacore/cross_bar/rtl/top_cross_bar.sv Line: 11
    Warning (15610): No output dependent on input pin "addr_i[0][8]" File: D:/Work/Syntacore/cross_bar/rtl/top_cross_bar.sv Line: 11
    Warning (15610): No output dependent on input pin "addr_i[0][9]" File: D:/Work/Syntacore/cross_bar/rtl/top_cross_bar.sv Line: 11
    Warning (15610): No output dependent on input pin "addr_i[0][10]" File: D:/Work/Syntacore/cross_bar/rtl/top_cross_bar.sv Line: 11
    Warning (15610): No output dependent on input pin "addr_i[0][11]" File: D:/Work/Syntacore/cross_bar/rtl/top_cross_bar.sv Line: 11
    Warning (15610): No output dependent on input pin "addr_i[0][12]" File: D:/Work/Syntacore/cross_bar/rtl/top_cross_bar.sv Line: 11
    Warning (15610): No output dependent on input pin "addr_i[0][13]" File: D:/Work/Syntacore/cross_bar/rtl/top_cross_bar.sv Line: 11
    Warning (15610): No output dependent on input pin "addr_i[0][14]" File: D:/Work/Syntacore/cross_bar/rtl/top_cross_bar.sv Line: 11
    Warning (15610): No output dependent on input pin "addr_i[0][15]" File: D:/Work/Syntacore/cross_bar/rtl/top_cross_bar.sv Line: 11
    Warning (15610): No output dependent on input pin "addr_i[0][16]" File: D:/Work/Syntacore/cross_bar/rtl/top_cross_bar.sv Line: 11
    Warning (15610): No output dependent on input pin "addr_i[0][17]" File: D:/Work/Syntacore/cross_bar/rtl/top_cross_bar.sv Line: 11
    Warning (15610): No output dependent on input pin "addr_i[0][18]" File: D:/Work/Syntacore/cross_bar/rtl/top_cross_bar.sv Line: 11
    Warning (15610): No output dependent on input pin "addr_i[0][19]" File: D:/Work/Syntacore/cross_bar/rtl/top_cross_bar.sv Line: 11
    Warning (15610): No output dependent on input pin "addr_i[0][20]" File: D:/Work/Syntacore/cross_bar/rtl/top_cross_bar.sv Line: 11
    Warning (15610): No output dependent on input pin "addr_i[0][21]" File: D:/Work/Syntacore/cross_bar/rtl/top_cross_bar.sv Line: 11
    Warning (15610): No output dependent on input pin "addr_i[0][22]" File: D:/Work/Syntacore/cross_bar/rtl/top_cross_bar.sv Line: 11
    Warning (15610): No output dependent on input pin "addr_i[0][23]" File: D:/Work/Syntacore/cross_bar/rtl/top_cross_bar.sv Line: 11
    Warning (15610): No output dependent on input pin "addr_i[0][24]" File: D:/Work/Syntacore/cross_bar/rtl/top_cross_bar.sv Line: 11
    Warning (15610): No output dependent on input pin "addr_i[0][25]" File: D:/Work/Syntacore/cross_bar/rtl/top_cross_bar.sv Line: 11
    Warning (15610): No output dependent on input pin "addr_i[0][26]" File: D:/Work/Syntacore/cross_bar/rtl/top_cross_bar.sv Line: 11
    Warning (15610): No output dependent on input pin "addr_i[0][27]" File: D:/Work/Syntacore/cross_bar/rtl/top_cross_bar.sv Line: 11
    Warning (15610): No output dependent on input pin "addr_i[0][28]" File: D:/Work/Syntacore/cross_bar/rtl/top_cross_bar.sv Line: 11
    Warning (15610): No output dependent on input pin "addr_i[0][29]" File: D:/Work/Syntacore/cross_bar/rtl/top_cross_bar.sv Line: 11
    Warning (15610): No output dependent on input pin "addr_i[1][0]" File: D:/Work/Syntacore/cross_bar/rtl/top_cross_bar.sv Line: 11
    Warning (15610): No output dependent on input pin "addr_i[1][1]" File: D:/Work/Syntacore/cross_bar/rtl/top_cross_bar.sv Line: 11
    Warning (15610): No output dependent on input pin "addr_i[1][2]" File: D:/Work/Syntacore/cross_bar/rtl/top_cross_bar.sv Line: 11
    Warning (15610): No output dependent on input pin "addr_i[1][3]" File: D:/Work/Syntacore/cross_bar/rtl/top_cross_bar.sv Line: 11
    Warning (15610): No output dependent on input pin "addr_i[1][4]" File: D:/Work/Syntacore/cross_bar/rtl/top_cross_bar.sv Line: 11
    Warning (15610): No output dependent on input pin "addr_i[1][5]" File: D:/Work/Syntacore/cross_bar/rtl/top_cross_bar.sv Line: 11
    Warning (15610): No output dependent on input pin "addr_i[1][6]" File: D:/Work/Syntacore/cross_bar/rtl/top_cross_bar.sv Line: 11
    Warning (15610): No output dependent on input pin "addr_i[1][7]" File: D:/Work/Syntacore/cross_bar/rtl/top_cross_bar.sv Line: 11
    Warning (15610): No output dependent on input pin "addr_i[1][8]" File: D:/Work/Syntacore/cross_bar/rtl/top_cross_bar.sv Line: 11
    Warning (15610): No output dependent on input pin "addr_i[1][9]" File: D:/Work/Syntacore/cross_bar/rtl/top_cross_bar.sv Line: 11
    Warning (15610): No output dependent on input pin "addr_i[1][10]" File: D:/Work/Syntacore/cross_bar/rtl/top_cross_bar.sv Line: 11
    Warning (15610): No output dependent on input pin "addr_i[1][11]" File: D:/Work/Syntacore/cross_bar/rtl/top_cross_bar.sv Line: 11
    Warning (15610): No output dependent on input pin "addr_i[1][12]" File: D:/Work/Syntacore/cross_bar/rtl/top_cross_bar.sv Line: 11
    Warning (15610): No output dependent on input pin "addr_i[1][13]" File: D:/Work/Syntacore/cross_bar/rtl/top_cross_bar.sv Line: 11
    Warning (15610): No output dependent on input pin "addr_i[1][14]" File: D:/Work/Syntacore/cross_bar/rtl/top_cross_bar.sv Line: 11
    Warning (15610): No output dependent on input pin "addr_i[1][15]" File: D:/Work/Syntacore/cross_bar/rtl/top_cross_bar.sv Line: 11
    Warning (15610): No output dependent on input pin "addr_i[1][16]" File: D:/Work/Syntacore/cross_bar/rtl/top_cross_bar.sv Line: 11
    Warning (15610): No output dependent on input pin "addr_i[1][17]" File: D:/Work/Syntacore/cross_bar/rtl/top_cross_bar.sv Line: 11
    Warning (15610): No output dependent on input pin "addr_i[1][18]" File: D:/Work/Syntacore/cross_bar/rtl/top_cross_bar.sv Line: 11
    Warning (15610): No output dependent on input pin "addr_i[1][19]" File: D:/Work/Syntacore/cross_bar/rtl/top_cross_bar.sv Line: 11
    Warning (15610): No output dependent on input pin "addr_i[1][20]" File: D:/Work/Syntacore/cross_bar/rtl/top_cross_bar.sv Line: 11
    Warning (15610): No output dependent on input pin "addr_i[1][21]" File: D:/Work/Syntacore/cross_bar/rtl/top_cross_bar.sv Line: 11
    Warning (15610): No output dependent on input pin "addr_i[1][22]" File: D:/Work/Syntacore/cross_bar/rtl/top_cross_bar.sv Line: 11
    Warning (15610): No output dependent on input pin "addr_i[1][23]" File: D:/Work/Syntacore/cross_bar/rtl/top_cross_bar.sv Line: 11
    Warning (15610): No output dependent on input pin "addr_i[1][24]" File: D:/Work/Syntacore/cross_bar/rtl/top_cross_bar.sv Line: 11
    Warning (15610): No output dependent on input pin "addr_i[1][25]" File: D:/Work/Syntacore/cross_bar/rtl/top_cross_bar.sv Line: 11
    Warning (15610): No output dependent on input pin "addr_i[1][26]" File: D:/Work/Syntacore/cross_bar/rtl/top_cross_bar.sv Line: 11
    Warning (15610): No output dependent on input pin "addr_i[1][27]" File: D:/Work/Syntacore/cross_bar/rtl/top_cross_bar.sv Line: 11
    Warning (15610): No output dependent on input pin "addr_i[1][28]" File: D:/Work/Syntacore/cross_bar/rtl/top_cross_bar.sv Line: 11
    Warning (15610): No output dependent on input pin "addr_i[1][29]" File: D:/Work/Syntacore/cross_bar/rtl/top_cross_bar.sv Line: 11
    Warning (15610): No output dependent on input pin "addr_i[2][0]" File: D:/Work/Syntacore/cross_bar/rtl/top_cross_bar.sv Line: 11
    Warning (15610): No output dependent on input pin "addr_i[2][1]" File: D:/Work/Syntacore/cross_bar/rtl/top_cross_bar.sv Line: 11
    Warning (15610): No output dependent on input pin "addr_i[2][2]" File: D:/Work/Syntacore/cross_bar/rtl/top_cross_bar.sv Line: 11
    Warning (15610): No output dependent on input pin "addr_i[2][3]" File: D:/Work/Syntacore/cross_bar/rtl/top_cross_bar.sv Line: 11
    Warning (15610): No output dependent on input pin "addr_i[2][4]" File: D:/Work/Syntacore/cross_bar/rtl/top_cross_bar.sv Line: 11
    Warning (15610): No output dependent on input pin "addr_i[2][5]" File: D:/Work/Syntacore/cross_bar/rtl/top_cross_bar.sv Line: 11
    Warning (15610): No output dependent on input pin "addr_i[2][6]" File: D:/Work/Syntacore/cross_bar/rtl/top_cross_bar.sv Line: 11
    Warning (15610): No output dependent on input pin "addr_i[2][7]" File: D:/Work/Syntacore/cross_bar/rtl/top_cross_bar.sv Line: 11
    Warning (15610): No output dependent on input pin "addr_i[2][8]" File: D:/Work/Syntacore/cross_bar/rtl/top_cross_bar.sv Line: 11
    Warning (15610): No output dependent on input pin "addr_i[2][9]" File: D:/Work/Syntacore/cross_bar/rtl/top_cross_bar.sv Line: 11
    Warning (15610): No output dependent on input pin "addr_i[2][10]" File: D:/Work/Syntacore/cross_bar/rtl/top_cross_bar.sv Line: 11
    Warning (15610): No output dependent on input pin "addr_i[2][11]" File: D:/Work/Syntacore/cross_bar/rtl/top_cross_bar.sv Line: 11
    Warning (15610): No output dependent on input pin "addr_i[2][12]" File: D:/Work/Syntacore/cross_bar/rtl/top_cross_bar.sv Line: 11
    Warning (15610): No output dependent on input pin "addr_i[2][13]" File: D:/Work/Syntacore/cross_bar/rtl/top_cross_bar.sv Line: 11
    Warning (15610): No output dependent on input pin "addr_i[2][14]" File: D:/Work/Syntacore/cross_bar/rtl/top_cross_bar.sv Line: 11
    Warning (15610): No output dependent on input pin "addr_i[2][15]" File: D:/Work/Syntacore/cross_bar/rtl/top_cross_bar.sv Line: 11
    Warning (15610): No output dependent on input pin "addr_i[2][16]" File: D:/Work/Syntacore/cross_bar/rtl/top_cross_bar.sv Line: 11
    Warning (15610): No output dependent on input pin "addr_i[2][17]" File: D:/Work/Syntacore/cross_bar/rtl/top_cross_bar.sv Line: 11
    Warning (15610): No output dependent on input pin "addr_i[2][18]" File: D:/Work/Syntacore/cross_bar/rtl/top_cross_bar.sv Line: 11
    Warning (15610): No output dependent on input pin "addr_i[2][19]" File: D:/Work/Syntacore/cross_bar/rtl/top_cross_bar.sv Line: 11
    Warning (15610): No output dependent on input pin "addr_i[2][20]" File: D:/Work/Syntacore/cross_bar/rtl/top_cross_bar.sv Line: 11
    Warning (15610): No output dependent on input pin "addr_i[2][21]" File: D:/Work/Syntacore/cross_bar/rtl/top_cross_bar.sv Line: 11
    Warning (15610): No output dependent on input pin "addr_i[2][22]" File: D:/Work/Syntacore/cross_bar/rtl/top_cross_bar.sv Line: 11
    Warning (15610): No output dependent on input pin "addr_i[2][23]" File: D:/Work/Syntacore/cross_bar/rtl/top_cross_bar.sv Line: 11
    Warning (15610): No output dependent on input pin "addr_i[2][24]" File: D:/Work/Syntacore/cross_bar/rtl/top_cross_bar.sv Line: 11
    Warning (15610): No output dependent on input pin "addr_i[2][25]" File: D:/Work/Syntacore/cross_bar/rtl/top_cross_bar.sv Line: 11
    Warning (15610): No output dependent on input pin "addr_i[2][26]" File: D:/Work/Syntacore/cross_bar/rtl/top_cross_bar.sv Line: 11
    Warning (15610): No output dependent on input pin "addr_i[2][27]" File: D:/Work/Syntacore/cross_bar/rtl/top_cross_bar.sv Line: 11
    Warning (15610): No output dependent on input pin "addr_i[2][28]" File: D:/Work/Syntacore/cross_bar/rtl/top_cross_bar.sv Line: 11
    Warning (15610): No output dependent on input pin "addr_i[2][29]" File: D:/Work/Syntacore/cross_bar/rtl/top_cross_bar.sv Line: 11
    Warning (15610): No output dependent on input pin "addr_i[3][0]" File: D:/Work/Syntacore/cross_bar/rtl/top_cross_bar.sv Line: 11
    Warning (15610): No output dependent on input pin "addr_i[3][1]" File: D:/Work/Syntacore/cross_bar/rtl/top_cross_bar.sv Line: 11
    Warning (15610): No output dependent on input pin "addr_i[3][2]" File: D:/Work/Syntacore/cross_bar/rtl/top_cross_bar.sv Line: 11
    Warning (15610): No output dependent on input pin "addr_i[3][3]" File: D:/Work/Syntacore/cross_bar/rtl/top_cross_bar.sv Line: 11
    Warning (15610): No output dependent on input pin "addr_i[3][4]" File: D:/Work/Syntacore/cross_bar/rtl/top_cross_bar.sv Line: 11
    Warning (15610): No output dependent on input pin "addr_i[3][5]" File: D:/Work/Syntacore/cross_bar/rtl/top_cross_bar.sv Line: 11
    Warning (15610): No output dependent on input pin "addr_i[3][6]" File: D:/Work/Syntacore/cross_bar/rtl/top_cross_bar.sv Line: 11
    Warning (15610): No output dependent on input pin "addr_i[3][7]" File: D:/Work/Syntacore/cross_bar/rtl/top_cross_bar.sv Line: 11
    Warning (15610): No output dependent on input pin "addr_i[3][8]" File: D:/Work/Syntacore/cross_bar/rtl/top_cross_bar.sv Line: 11
    Warning (15610): No output dependent on input pin "addr_i[3][9]" File: D:/Work/Syntacore/cross_bar/rtl/top_cross_bar.sv Line: 11
    Warning (15610): No output dependent on input pin "addr_i[3][10]" File: D:/Work/Syntacore/cross_bar/rtl/top_cross_bar.sv Line: 11
    Warning (15610): No output dependent on input pin "addr_i[3][11]" File: D:/Work/Syntacore/cross_bar/rtl/top_cross_bar.sv Line: 11
    Warning (15610): No output dependent on input pin "addr_i[3][12]" File: D:/Work/Syntacore/cross_bar/rtl/top_cross_bar.sv Line: 11
    Warning (15610): No output dependent on input pin "addr_i[3][13]" File: D:/Work/Syntacore/cross_bar/rtl/top_cross_bar.sv Line: 11
    Warning (15610): No output dependent on input pin "addr_i[3][14]" File: D:/Work/Syntacore/cross_bar/rtl/top_cross_bar.sv Line: 11
    Warning (15610): No output dependent on input pin "addr_i[3][15]" File: D:/Work/Syntacore/cross_bar/rtl/top_cross_bar.sv Line: 11
    Warning (15610): No output dependent on input pin "addr_i[3][16]" File: D:/Work/Syntacore/cross_bar/rtl/top_cross_bar.sv Line: 11
    Warning (15610): No output dependent on input pin "addr_i[3][17]" File: D:/Work/Syntacore/cross_bar/rtl/top_cross_bar.sv Line: 11
    Warning (15610): No output dependent on input pin "addr_i[3][18]" File: D:/Work/Syntacore/cross_bar/rtl/top_cross_bar.sv Line: 11
    Warning (15610): No output dependent on input pin "addr_i[3][19]" File: D:/Work/Syntacore/cross_bar/rtl/top_cross_bar.sv Line: 11
    Warning (15610): No output dependent on input pin "addr_i[3][20]" File: D:/Work/Syntacore/cross_bar/rtl/top_cross_bar.sv Line: 11
    Warning (15610): No output dependent on input pin "addr_i[3][21]" File: D:/Work/Syntacore/cross_bar/rtl/top_cross_bar.sv Line: 11
    Warning (15610): No output dependent on input pin "addr_i[3][22]" File: D:/Work/Syntacore/cross_bar/rtl/top_cross_bar.sv Line: 11
    Warning (15610): No output dependent on input pin "addr_i[3][23]" File: D:/Work/Syntacore/cross_bar/rtl/top_cross_bar.sv Line: 11
    Warning (15610): No output dependent on input pin "addr_i[3][24]" File: D:/Work/Syntacore/cross_bar/rtl/top_cross_bar.sv Line: 11
    Warning (15610): No output dependent on input pin "addr_i[3][25]" File: D:/Work/Syntacore/cross_bar/rtl/top_cross_bar.sv Line: 11
    Warning (15610): No output dependent on input pin "addr_i[3][26]" File: D:/Work/Syntacore/cross_bar/rtl/top_cross_bar.sv Line: 11
    Warning (15610): No output dependent on input pin "addr_i[3][27]" File: D:/Work/Syntacore/cross_bar/rtl/top_cross_bar.sv Line: 11
    Warning (15610): No output dependent on input pin "addr_i[3][28]" File: D:/Work/Syntacore/cross_bar/rtl/top_cross_bar.sv Line: 11
    Warning (15610): No output dependent on input pin "addr_i[3][29]" File: D:/Work/Syntacore/cross_bar/rtl/top_cross_bar.sv Line: 11
Info (21057): Implemented 1375 device resources after synthesis - the final resource count might be different
    Info (21058): Implemented 270 input pins
    Info (21059): Implemented 132 output pins
    Info (21061): Implemented 973 logic cells
Info: Quartus Prime Analysis & Synthesis was successful. 0 errors, 121 warnings
    Info: Peak virtual memory: 4745 megabytes
    Info: Processing ended: Thu Mar 17 20:56:23 2022
    Info: Elapsed time: 00:00:10
    Info: Total CPU time (on all processors): 00:00:22


